[teams.live.com/free.html]
[backblue.gif]
[fade.gif]
[index.html]
[wcpstatic.microsoft.com/mscc/lib/v2/wcp-consent.js]
[statics.teams.cdn.live.net/evergreen-assets/icons/Teams_Logo_v2025_80x80.png]
[statics.teams.cdn.live.net/evergreen-assets/gather/videos/hero-video-placeholder_1200x675_v2.jpg]
[statics.teams.cdn.live.net/evergreen-assets/gather/videos/from_skype/hero-video-placeholder_1200x675_v2.jpg]
[statics.teams.cdn.live.net/teams-modular-packages/hashed-assets/56685-9a5e83c20975403c.js]
[statics.teams.cdn.live.net/teams-modular-packages/hashed-assets/39661-6177144e346d05e8.js]
[statics.teams.cdn.live.net/teams-modular-packages/hashed-assets/33339-6bb478623018d904.js]
[statics.teams.cdn.live.net/teams-modular-packages/hashed-assets/67133-3768a85a33a3cae5.js]
[statics.teams.cdn.live.net/teams-modular-packages/hashed-assets/unauth-2a1017e331c18f4b.js]
[teams.live.com/free.html]
[statics.teams.cdn.live.net/teams-modular-packages/hashed-assets/56685-9a5e83c20975403c.js]
[statics.teams.cdn.live.net/teams-modular-packages/hashed-assets/39661-6177144e346d05e8.js]
[statics.teams.cdn.live.net/teams-modular-packages/hashed-assets/33339-6bb478623018d904.js]
[statics.teams.cdn.live.net/teams-modular-packages/hashed-assets/67133-3768a85a33a3cae5.js]
[statics.teams.cdn.live.net/teams-modular-packages/hashed-assets/unauth-2a1017e331c18f4b.js]
[teams.live.com/POST.html]
[teams.live.com/index.html]
[teams.live.com/;path=/index.html]
[teams.live.com/Version/index.html]
[teams.live.com/document.html]
[teams.live.com/`${r}/oauth2/v2.0/authorize`.html]
[teams.live.com/e.html]
[teams.live.com/v2/index942d.html]
[teams.live.com/v2/unsupported-browser.html]
[teams.live.com/v2/unsupported-browser.html]
